n=1024
0.0009
-0.19784
16.2794
n=2048
0.00309
-0.72564
-24.9114
n=4096
0.007391
0.830642
-25.5471
n=8192
0.01533
0.229516
74.6778
n=16384
0.03481
-0.819302
38.135
n=32768
0.066141
0.578381
15.6603
n=65536
0.135152
0.85941
82.905
n=131072
0.277394
-0.931353
474.237
n=262144
0.570658
0.158607
-621.102
n=524288
1.17021
-0.901967
527.022
n=1048576
1.68045
0.118507
-210.36
n=2097152
3.01859
0.676827
216.18
n=4194304
5.2279
0.507341
616.843
n=8388608
9.88404
0.918859
-4349.93
n=16777216
19.1912
0.313628
-830.559
n=33554432
37.7725
0.879488
6080.03
n=67108864
75.209
0.351372
-6323.61
n=134217728
149.892
-0.926479
-6843.24
n=268435456
298.809
-0.928418
-594.713
n=536870912
592.537
-0.640414
-13140.9
n=1073741824
1267.95
-0.709088
489.461
